Archive member included to satisfy reference by file (symbol)

c:/users/thuyh/stm32cubeide_1.7.0/stm32cubeide/plugins/com.st.stm32cube.ide.mcu.externaltools.gnu-tools-for-stm32.9-2020-q2-update.win32_2.0.0.202105311346/tools/bin/../lib/gcc/arm-none-eabi/9.3.1/../../../../arm-none-eabi/lib/thumb/v7-m/nofp\libc_nano.a(lib_a-errno.o)
                              ./Core/Src/syscalls.o (__errno)
c:/users/thuyh/stm32cubeide_1.7.0/stm32cubeide/plugins/com.st.stm32cube.ide.mcu.externaltools.gnu-tools-for-stm32.9-2020-q2-update.win32_2.0.0.202105311346/tools/bin/../lib/gcc/arm-none-eabi/9.3.1/../../../../arm-none-eabi/lib/thumb/v7-m/nofp\libc_nano.a(lib_a-exit.o)
                              c:/users/thuyh/stm32cubeide_1.7.0/stm32cubeide/plugins/com.st.stm32cube.ide.mcu.externaltools.gnu-tools-for-stm32.9-2020-q2-update.win32_2.0.0.202105311346/tools/bin/../lib/gcc/arm-none-eabi/9.3.1/../../../../arm-none-eabi/lib/thumb/v7-m/nofp/crt0.o (exit)
c:/users/thuyh/stm32cubeide_1.7.0/stm32cubeide/plugins/com.st.stm32cube.ide.mcu.externaltools.gnu-tools-for-stm32.9-2020-q2-update.win32_2.0.0.202105311346/tools/bin/../lib/gcc/arm-none-eabi/9.3.1/../../../../arm-none-eabi/lib/thumb/v7-m/nofp\libc_nano.a(lib_a-impure.o)
                              c:/users/thuyh/stm32cubeide_1.7.0/stm32cubeide/plugins/com.st.stm32cube.ide.mcu.externaltools.gnu-tools-for-stm32.9-2020-q2-update.win32_2.0.0.202105311346/tools/bin/../lib/gcc/arm-none-eabi/9.3.1/../../../../arm-none-eabi/lib/thumb/v7-m/nofp\libc_nano.a(lib_a-exit.o) (_global_impure_ptr)
c:/users/thuyh/stm32cubeide_1.7.0/stm32cubeide/plugins/com.st.stm32cube.ide.mcu.externaltools.gnu-tools-for-stm32.9-2020-q2-update.win32_2.0.0.202105311346/tools/bin/../lib/gcc/arm-none-eabi/9.3.1/../../../../arm-none-eabi/lib/thumb/v7-m/nofp\libc_nano.a(lib_a-init.o)
                              c:/users/thuyh/stm32cubeide_1.7.0/stm32cubeide/plugins/com.st.stm32cube.ide.mcu.externaltools.gnu-tools-for-stm32.9-2020-q2-update.win32_2.0.0.202105311346/tools/bin/../lib/gcc/arm-none-eabi/9.3.1/../../../../arm-none-eabi/lib/thumb/v7-m/nofp/crt0.o (__libc_init_array)
c:/users/thuyh/stm32cubeide_1.7.0/stm32cubeide/plugins/com.st.stm32cube.ide.mcu.externaltools.gnu-tools-for-stm32.9-2020-q2-update.win32_2.0.0.202105311346/tools/bin/../lib/gcc/arm-none-eabi/9.3.1/../../../../arm-none-eabi/lib/thumb/v7-m/nofp\libc_nano.a(lib_a-memset.o)
                              c:/users/thuyh/stm32cubeide_1.7.0/stm32cubeide/plugins/com.st.stm32cube.ide.mcu.externaltools.gnu-tools-for-stm32.9-2020-q2-update.win32_2.0.0.202105311346/tools/bin/../lib/gcc/arm-none-eabi/9.3.1/../../../../arm-none-eabi/lib/thumb/v7-m/nofp/crt0.o (memset)

Allocating common symbols
Common symbol       size              file

uwTick              0x4               ./Drivers/STM32F1xx_HAL_Driver/Src/stm32f1xx_hal.o
pFlash              0x20              ./Drivers/STM32F1xx_HAL_Driver/Src/stm32f1xx_hal_flash.o

Discarded input sections

 .text          0x0000000000000000        0x0 c:/users/thuyh/stm32cubeide_1.7.0/stm32cubeide/plugins/com.st.stm32cube.ide.mcu.externaltools.gnu-tools-for-stm32.9-2020-q2-update.win32_2.0.0.202105311346/tools/bin/../lib/gcc/arm-none-eabi/9.3.1/thumb/v7-m/nofp/crti.o
 .data          0x0000000000000000        0x0 c:/users/thuyh/stm32cubeide_1.7.0/stm32cubeide/plugins/com.st.stm32cube.ide.mcu.externaltools.gnu-tools-for-stm32.9-2020-q2-update.win32_2.0.0.202105311346/tools/bin/../lib/gcc/arm-none-eabi/9.3.1/thumb/v7-m/nofp/crti.o
 .bss           0x0000000000000000        0x0 c:/users/thuyh/stm32cubeide_1.7.0/stm32cubeide/plugins/com.st.stm32cube.ide.mcu.externaltools.gnu-tools-for-stm32.9-2020-q2-update.win32_2.0.0.202105311346/tools/bin/../lib/gcc/arm-none-eabi/9.3.1/thumb/v7-m/nofp/crti.o
 .data          0x0000000000000000        0x4 c:/users/thuyh/stm32cubeide_1.7.0/stm32cubeide/plugins/com.st.stm32cube.ide.mcu.externaltools.gnu-tools-for-stm32.9-2020-q2-update.win32_2.0.0.202105311346/tools/bin/../lib/gcc/arm-none-eabi/9.3.1/thumb/v7-m/nofp/crtbegin.o
 .text          0x0000000000000000       0x7c c:/users/thuyh/stm32cubeide_1.7.0/stm32cubeide/plugins/com.st.stm32cube.ide.mcu.externaltools.gnu-tools-for-stm32.9-2020-q2-update.win32_2.0.0.202105311346/tools/bin/../lib/gcc/arm-none-eabi/9.3.1/../../../../arm-none-eabi/lib/thumb/v7-m/nofp/crt0.o
 .data          0x0000000000000000        0x0 c:/users/thuyh/stm32cubeide_1.7.0/stm32cubeide/plugins/com.st.stm32cube.ide.mcu.externaltools.gnu-tools-for-stm32.9-2020-q2-update.win32_2.0.0.202105311346/tools/bin/../lib/gcc/arm-none-eabi/9.3.1/../../../../arm-none-eabi/lib/thumb/v7-m/nofp/crt0.o
 .bss           0x0000000000000000        0x0 c:/users/thuyh/stm32cubeide_1.7.0/stm32cubeide/plugins/com.st.stm32cube.ide.mcu.externaltools.gnu-tools-for-stm32.9-2020-q2-update.win32_2.0.0.202105311346/tools/bin/../lib/gcc/arm-none-eabi/9.3.1/../../../../arm-none-eabi/lib/thumb/v7-m/nofp/crt0.o
[...]
Memory Configuration

Name             Origin             Length             Attributes
RAM              0x0000000020000000 0x0000000000002800 xrw
FLASH            0x0000000008000000 0x0000000000008000 xr
*default*        0x0000000000000000 0xffffffffffffffff

Linker script and memory map

LOAD c:/users/thuyh/stm32cubeide_1.7.0/stm32cubeide/plugins/com.st.stm32cube.ide.mcu.externaltools.gnu-tools-for-stm32.9-2020-q2-update.win32_2.0.0.202105311346/tools/bin/../lib/gcc/arm-none-eabi/9.3.1/thumb/v7-m/nofp/crti.o
LOAD c:/users/thuyh/stm32cubeide_1.7.0/stm32cubeide/plugins/com.st.stm32cube.ide.mcu.externaltools.gnu-tools-for-stm32.9-2020-q2-update.win32_2.0.0.202105311346/tools/bin/../lib/gcc/arm-none-eabi/9.3.1/thumb/v7-m/nofp/crtbegin.o
LOAD c:/users/thuyh/stm32cubeide_1.7.0/stm32cubeide/plugins/com.st.stm32cube.ide.mcu.externaltools.gnu-tools-for-stm32.9-2020-q2-update.win32_2.0.0.202105311346/tools/bin/../lib/gcc/arm-none-eabi/9.3.1/../../../../arm-none-eabi/lib/thumb/v7-m/nofp/crt0.o
LOAD ./Core/Src/ex1.o
LOAD ./Core/Src/main.o
LOAD ./Core/Src/stm32f1xx_hal_msp.o
LOAD ./Core/Src/stm32f1xx_it.o
LOAD ./Core/Src/syscalls.o
LOAD ./Core/Src/sysmem.o
LOAD ./Core/Src/system_stm32f1xx.o
LOAD ./Core/Startup/startup_stm32f103c6tx.o
LOAD ./Drivers/STM32F1xx_HAL_Driver/Src/stm32f1xx_hal.o
LOAD ./Drivers/STM32F1xx_HAL_Driver/Src/stm32f1xx_hal_cortex.o
LOAD ./Drivers/STM32F1xx_HAL_Driver/Src/stm32f1xx_hal_dma.o
LOAD ./Drivers/STM32F1xx_HAL_Driver/Src/stm32f1xx_hal_exti.o
LOAD ./Drivers/STM32F1xx_HAL_Driver/Src/stm32f1xx_hal_flash.o
LOAD ./Drivers/STM32F1xx_HAL_Driver/Src/stm32f1xx_hal_flash_ex.o
LOAD ./Drivers/STM32F1xx_HAL_Driver/Src/stm32f1xx_hal_gpio.o
LOAD ./Drivers/STM32F1xx_HAL_Driver/Src/stm32f1xx_hal_gpio_ex.o
LOAD ./Drivers/STM32F1xx_HAL_Driver/Src/stm32f1xx_hal_pwr.o
LOAD ./Drivers/STM32F1xx_HAL_Driver/Src/stm32f1xx_hal_rcc.o
LOAD ./Drivers/STM32F1xx_HAL_Driver/Src/stm32f1xx_hal_rcc_ex.o
LOAD ./Drivers/STM32F1xx_HAL_Driver/Src/stm32f1xx_hal_tim.o
LOAD ./Drivers/STM32F1xx_HAL_Driver/Src/stm32f1xx_hal_tim_ex.o
LOAD ./SOW/Src/LED.o
LOAD ./SOW/Src/LED_7_SEGMENT.o
LOAD ./SOW/Src/Traffic_light.o
START GROUP
LOAD c:/users/thuyh/stm32cubeide_1.7.0/stm32cubeide/plugins/com.st.stm32cube.ide.mcu.externaltools.gnu-tools-for-stm32.9-2020-q2-update.win32_2.0.0.202105311346/tools/bin/../lib/gcc/arm-none-eabi/9.3.1/../../../../arm-none-eabi/lib/thumb/v7-m/nofp\libc_nano.a
LOAD c:/users/thuyh/stm32cubeide_1.7.0/stm32cubeide/plugins/com.st.stm32cube.ide.mcu.externaltools.gnu-tools-for-stm32.9-2020-q2-update.win32_2.0.0.202105311346/tools/bin/../lib/gcc/arm-none-eabi/9.3.1/../../../../arm-none-eabi/lib/thumb/v7-m/nofp\libm.a
END GROUP
START GROUP
LOAD c:/users/thuyh/stm32cubeide_1.7.0/stm32cubeide/plugins/com.st.stm32cube.ide.mcu.externaltools.gnu-tools-for-stm32.9-2020-q2-update.win32_2.0.0.202105311346/tools/bin/../lib/gcc/arm-none-eabi/9.3.1/thumb/v7-m/nofp\libgcc.a
LOAD c:/users/thuyh/stm32cubeide_1.7.0/stm32cubeide/plugins/com.st.stm32cube.ide.mcu.externaltools.gnu-tools-for-stm32.9-2020-q2-update.win32_2.0.0.202105311346/tools/bin/../lib/gcc/arm-none-eabi/9.3.1/../../../../arm-none-eabi/lib/thumb/v7-m/nofp\libc_nano.a
END GROUP
START GROUP
LOAD c:/users/thuyh/stm32cubeide_1.7.0/stm32cubeide/plugins/com.st.stm32cube.ide.mcu.externaltools.gnu-tools-for-stm32.9-2020-q2-update.win32_2.0.0.202105311346/tools/bin/../lib/gcc/arm-none-eabi/9.3.1/thumb/v7-m/nofp\libgcc.a
LOAD c:/users/thuyh/stm32cubeide_1.7.0/stm32cubeide/plugins/com.st.stm32cube.ide.mcu.externaltools.gnu-tools-for-stm32.9-2020-q2-update.win32_2.0.0.202105311346/tools/bin/../lib/gcc/arm-none-eabi/9.3.1/../../../../arm-none-eabi/lib/thumb/v7-m/nofp\libc_nano.a
LOAD c:/users/thuyh/stm32cubeide_1.7.0/stm32cubeide/plugins/com.st.stm32cube.ide.mcu.externaltools.gnu-tools-for-stm32.9-2020-q2-update.win32_2.0.0.202105311346/tools/bin/../lib/gcc/arm-none-eabi/9.3.1/../../../../arm-none-eabi/lib/thumb/v7-m/nofp\libnosys.a
END GROUP
START GROUP
LOAD c:/users/thuyh/stm32cubeide_1.7.0/stm32cubeide/plugins/com.st.stm32cube.ide.mcu.externaltools.gnu-tools-for-stm32.9-2020-q2-update.win32_2.0.0.202105311346/tools/bin/../lib/gcc/arm-none-eabi/9.3.1/thumb/v7-m/nofp\libgcc.a
LOAD c:/users/thuyh/stm32cubeide_1.7.0/stm32cubeide/plugins/com.st.stm32cube.ide.mcu.externaltools.gnu-tools-for-stm32.9-2020-q2-update.win32_2.0.0.202105311346/tools/bin/../lib/gcc/arm-none-eabi/9.3.1/../../../../arm-none-eabi/lib/thumb/v7-m/nofp\libc_nano.a
LOAD c:/users/thuyh/stm32cubeide_1.7.0/stm32cubeide/plugins/com.st.stm32cube.ide.mcu.externaltools.gnu-tools-for-stm32.9-2020-q2-update.win32_2.0.0.202105311346/tools/bin/../lib/gcc/arm-none-eabi/9.3.1/../../../../arm-none-eabi/lib/thumb/v7-m/nofp\libnosys.a
END GROUP
LOAD c:/users/thuyh/stm32cubeide_1.7.0/stm32cubeide/plugins/com.st.stm32cube.ide.mcu.externaltools.gnu-tools-for-stm32.9-2020-q2-update.win32_2.0.0.202105311346/tools/bin/../lib/gcc/arm-none-eabi/9.3.1/thumb/v7-m/nofp/crtend.o
LOAD c:/users/thuyh/stm32cubeide_1.7.0/stm32cubeide/plugins/com.st.stm32cube.ide.mcu.externaltools.gnu-tools-for-stm32.9-2020-q2-update.win32_2.0.0.202105311346/tools/bin/../lib/gcc/arm-none-eabi/9.3.1/thumb/v7-m/nofp/crtn.o
                0x0000000020002800                _estack = (ORIGIN (RAM) + LENGTH (RAM))
                0x0000000000000200                _Min_Heap_Size = 0x200
                0x0000000000000400                _Min_Stack_Size = 0x400

.isr_vector     0x0000000008000000      0x10c
                0x0000000008000000                . = ALIGN (0x4)
 *(.isr_vector)
 .isr_vector    0x0000000008000000      0x10c ./Core/Startup/startup_stm32f103c6tx.o
                0x0000000008000000                g_pfnVectors
                0x000000000800010c                . = ALIGN (0x4)

.text           0x000000000800010c     0x1134
                0x000000000800010c                . = ALIGN (0x4)
 *(.text)
 .text          0x000000000800010c       0x40 c:/users/thuyh/stm32cubeide_1.7.0/stm32cubeide/plugins/com.st.stm32cube.ide.mcu.externaltools.gnu-tools-for-stm32.9-2020-q2-update.win32_2.0.0.202105311346/tools/bin/../lib/gcc/arm-none-eabi/9.3.1/thumb/v7-m/nofp/crtbegin.o
 *(.text*)
 .text.ex1_init
                0x000000000800014c       0x24 ./Core/Src/ex1.o
                0x000000000800014c                ex1_init
 .text.ex1_run  0x0000000008000170       0x20 ./Core/Src/ex1.o
                0x0000000008000170                ex1_run
 .text.main     0x0000000008000190       0x22 ./Core/Src/main.o
                0x0000000008000190                main
 .text.SystemClock_Config
                0x00000000080001b2       0x76 ./Core/Src/main.o
                0x00000000080001b2                SystemClock_Config
 .text.MX_GPIO_Init
                0x0000000008000228       0xac ./Core/Src/main.o
 .text.Error_Handler
                0x00000000080002d4        0xa ./Core/Src/main.o
                0x00000000080002d4                Error_Handler
 *fill*         0x00000000080002de        0x2 
 .text.HAL_MspInit
                0x00000000080002e0       0x64 ./Core/Src/stm32f1xx_hal_msp.o
                0x00000000080002e0                HAL_MspInit
 .text.NMI_Handler
                0x0000000008000344        0x6 ./Core/Src/stm32f1xx_it.o
                0x0000000008000344                NMI_Handler
 .text.HardFault_Handler
                0x000000000800034a        0x6 ./Core/Src/stm32f1xx_it.o
                0x000000000800034a                HardFault_Handler
 .text.MemManage_Handler
                0x0000000008000350        0x6 ./Core/Src/stm32f1xx_it.o
                0x0000000008000350                MemManage_Handler
 .text.BusFault_Handler
                0x0000000008000356        0x6 ./Core/Src/stm32f1xx_it.o
                0x0000000008000356                BusFault_Handler
 .text.UsageFault_Handler
                0x000000000800035c        0x6 ./Core/Src/stm32f1xx_it.o
                0x000000000800035c                UsageFault_Handler
 .text.SVC_Handler
                0x0000000008000362        0xc ./Core/Src/stm32f1xx_it.o
                0x0000000008000362                SVC_Handler
 .text.DebugMon_Handler
                0x000000000800036e        0xc ./Core/Src/stm32f1xx_it.o
                0x000000000800036e                DebugMon_Handler
 .text.PendSV_Handler
                0x000000000800037a        0xc ./Core/Src/stm32f1xx_it.o
                0x000000000800037a                PendSV_Handler
 .text.SysTick_Handler
                0x0000000008000386        0xc ./Core/Src/stm32f1xx_it.o
                0x0000000008000386                SysTick_Handler
 .text.SystemInit
                0x0000000008000392        0xc ./Core/Src/system_stm32f1xx.o
                0x0000000008000392                SystemInit
 *fill*         0x000000000800039e        0x2 
 .text.Reset_Handler
                0x00000000080003a0       0x48 ./Core/Startup/startup_stm32f103c6tx.o
                0x00000000080003a0                Reset_Handler
 .text.Default_Handler
                0x00000000080003e8        0x2 ./Core/Startup/startup_stm32f103c6tx.o
                0x00000000080003e8                RTC_Alarm_IRQHandler
                0x00000000080003e8                EXTI2_IRQHandler
                0x00000000080003e8                TIM1_CC_IRQHandler
                0x00000000080003e8                PVD_IRQHandler
                0x00000000080003e8                EXTI3_IRQHandler
                0x00000000080003e8                EXTI0_IRQHandler
                0x00000000080003e8                ADC1_2_IRQHandler
                0x00000000080003e8                SPI1_IRQHandler
                0x00000000080003e8                TAMPER_IRQHandler
                0x00000000080003e8                DMA1_Channel4_IRQHandler
                0x00000000080003e8                RTC_IRQHandler
                0x00000000080003e8                DMA1_Channel7_IRQHandler
                0x00000000080003e8                CAN1_RX1_IRQHandler
                0x00000000080003e8                I2C1_EV_IRQHandler
                0x00000000080003e8                DMA1_Channel6_IRQHandler
                0x00000000080003e8                TIM3_IRQHandler
                0x00000000080003e8                RCC_IRQHandler
                0x00000000080003e8                TIM1_TRG_COM_IRQHandler
                0x00000000080003e8                DMA1_Channel1_IRQHandler
                0x00000000080003e8                Default_Handler
                0x00000000080003e8                EXTI15_10_IRQHandler
                0x00000000080003e8                EXTI9_5_IRQHandler
                0x00000000080003e8                DMA1_Channel5_IRQHandler
                0x00000000080003e8                EXTI4_IRQHandler
                0x00000000080003e8                USB_LP_CAN1_RX0_IRQHandler
                0x00000000080003e8                USB_HP_CAN1_TX_IRQHandler
                0x00000000080003e8                DMA1_Channel3_IRQHandler
                0x00000000080003e8                TIM1_UP_IRQHandler
                0x00000000080003e8                WWDG_IRQHandler
                0x00000000080003e8                TIM2_IRQHandler
                0x00000000080003e8                TIM1_BRK_IRQHandler
                0x00000000080003e8                EXTI1_IRQHandler
                0x00000000080003e8                USART2_IRQHandler
                0x00000000080003e8                DMA1_Channel2_IRQHandler
                0x00000000080003e8                CAN1_SCE_IRQHandler
                0x00000000080003e8                FLASH_IRQHandler
                0x00000000080003e8                USART1_IRQHandler
                0x00000000080003e8                I2C1_ER_IRQHandler
                0x00000000080003e8                USBWakeUp_IRQHandler
 *fill*         0x00000000080003ea        0x2 
 .text.HAL_Init
                0x00000000080003ec       0x2c ./Drivers/STM32F1xx_HAL_Driver/Src/stm32f1xx_hal.o
                0x00000000080003ec                HAL_Init
 .text.HAL_InitTick
                0x0000000008000418       0x60 ./Drivers/STM32F1xx_HAL_Driver/Src/stm32f1xx_hal.o
                0x0000000008000418                HAL_InitTick
 .text.HAL_IncTick
                0x0000000008000478       0x24 ./Drivers/STM32F1xx_HAL_Driver/Src/stm32f1xx_hal.o
                0x0000000008000478                HAL_IncTick
 .text.HAL_GetTick
                0x000000000800049c       0x14 ./Drivers/STM32F1xx_HAL_Driver/Src/stm32f1xx_hal.o
                0x000000000800049c                HAL_GetTick
 .text.HAL_Delay
                0x00000000080004b0       0x48 ./Drivers/STM32F1xx_HAL_Driver/Src/stm32f1xx_hal.o
                0x00000000080004b0                HAL_Delay
 .text.__NVIC_SetPriorityGrouping
                0x00000000080004f8       0x48 ./Drivers/STM32F1xx_HAL_Driver/Src/stm32f1xx_hal_cortex.o
 .text.__NVIC_GetPriorityGrouping
                0x0000000008000540       0x1c ./Drivers/STM32F1xx_HAL_Driver/Src/stm32f1xx_hal_cortex.o
 .text.__NVIC_SetPriority
                0x000000000800055c       0x54 ./Drivers/STM32F1xx_HAL_Driver/Src/stm32f1xx_hal_cortex.o
 .text.NVIC_EncodePriority
                0x00000000080005b0       0x64 ./Drivers/STM32F1xx_HAL_Driver/Src/stm32f1xx_hal_cortex.o
 .text.SysTick_Config
                0x0000000008000614       0x44 ./Drivers/STM32F1xx_HAL_Driver/Src/stm32f1xx_hal_cortex.o
 .text.HAL_NVIC_SetPriorityGrouping
                0x0000000008000658       0x16 ./Drivers/STM32F1xx_HAL_Driver/Src/stm32f1xx_hal_cortex.o
                0x0000000008000658                HAL_NVIC_SetPriorityGrouping
 .text.HAL_NVIC_SetPriority
                0x000000000800066e       0x38 ./Drivers/STM32F1xx_HAL_Driver/Src/stm32f1xx_hal_cortex.o
                0x000000000800066e                HAL_NVIC_SetPriority
 .text.HAL_SYSTICK_Config
                0x00000000080006a6       0x18 ./Drivers/STM32F1xx_HAL_Driver/Src/stm32f1xx_hal_cortex.o
                0x00000000080006a6                HAL_SYSTICK_Config
 *fill*         0x00000000080006be        0x2 
 .text.HAL_GPIO_Init
                0x00000000080006c0      0x2f4 ./Drivers/STM32F1xx_HAL_Driver/Src/stm32f1xx_hal_gpio.o
                0x00000000080006c0                HAL_GPIO_Init
 .text.HAL_GPIO_WritePin
                0x00000000080009b4       0x30 ./Drivers/STM32F1xx_HAL_Driver/Src/stm32f1xx_hal_gpio.o
                0x00000000080009b4                HAL_GPIO_WritePin
 .text.HAL_GPIO_TogglePin
                0x00000000080009e4       0x32 ./Drivers/STM32F1xx_HAL_Driver/Src/stm32f1xx_hal_gpio.o
                0x00000000080009e4                HAL_GPIO_TogglePin
 *fill*         0x0000000008000a16        0x2 
 .text.HAL_RCC_OscConfig
                0x0000000008000a18      0x500 ./Drivers/STM32F1xx_HAL_Driver/Src/stm32f1xx_hal_rcc.o
                0x0000000008000a18                HAL_RCC_OscConfig
 .text.HAL_RCC_ClockConfig
                0x0000000008000f18      0x1d4 ./Drivers/STM32F1xx_HAL_Driver/Src/stm32f1xx_hal_rcc.o
                0x0000000008000f18                HAL_RCC_ClockConfig
 .text.HAL_RCC_GetSysClockFreq
                0x00000000080010ec       0xa8 ./Drivers/STM32F1xx_HAL_Driver/Src/stm32f1xx_hal_rcc.o
                0x00000000080010ec                HAL_RCC_GetSysClockFreq
 .text.RCC_Delay
                0x0000000008001194       0x3c ./Drivers/STM32F1xx_HAL_Driver/Src/stm32f1xx_hal_rcc.o
 .text.__libc_init_array
                0x00000000080011d0       0x48 c:/users/thuyh/stm32cubeide_1.7.0/stm32cubeide/plugins/com.st.stm32cube.ide.mcu.externaltools.gnu-tools-for-stm32.9-2020-q2-update.win32_2.0.0.202105311346/tools/bin/../lib/gcc/arm-none-eabi/9.3.1/../../../../arm-none-eabi/lib/thumb/v7-m/nofp\libc_nano.a(lib_a-init.o)
                0x00000000080011d0                __libc_init_array
 .text.memset   0x0000000008001218       0x10 c:/users/thuyh/stm32cubeide_1.7.0/stm32cubeide/plugins/com.st.stm32cube.ide.mcu.externaltools.gnu-tools-for-stm32.9-2020-q2-update.win32_2.0.0.202105311346/tools/bin/../lib/gcc/arm-none-eabi/9.3.1/../../../../arm-none-eabi/lib/thumb/v7-m/nofp\libc_nano.a(lib_a-memset.o)
                0x0000000008001218                memset
 *(.glue_7)
 .glue_7        0x0000000008001228        0x0 linker stubs
 *(.glue_7t)
 .glue_7t       0x0000000008001228        0x0 linker stubs
 *(.eh_frame)
 .eh_frame      0x0000000008001228        0x0 c:/users/thuyh/stm32cubeide_1.7.0/stm32cubeide/plugins/com.st.stm32cube.ide.mcu.externaltools.gnu-tools-for-stm32.9-2020-q2-update.win32_2.0.0.202105311346/tools/bin/../lib/gcc/arm-none-eabi/9.3.1/thumb/v7-m/nofp/crtbegin.o
 *(.init)
 .init          0x0000000008001228        0x4 c:/users/thuyh/stm32cubeide_1.7.0/stm32cubeide/plugins/com.st.stm32cube.ide.mcu.externaltools.gnu-tools-for-stm32.9-2020-q2-update.win32_2.0.0.202105311346/tools/bin/../lib/gcc/arm-none-eabi/9.3.1/thumb/v7-m/nofp/crti.o
                0x0000000008001228                _init
 .init          0x000000000800122c        0x8 c:/users/thuyh/stm32cubeide_1.7.0/stm32cubeide/plugins/com.st.stm32cube.ide.mcu.externaltools.gnu-tools-for-stm32.9-2020-q2-update.win32_2.0.0.202105311346/tools/bin/../lib/gcc/arm-none-eabi/9.3.1/thumb/v7-m/nofp/crtn.o
 *(.fini)
 .fini          0x0000000008001234        0x4 c:/users/thuyh/stm32cubeide_1.7.0/stm32cubeide/plugins/com.st.stm32cube.ide.mcu.externaltools.gnu-tools-for-stm32.9-2020-q2-update.win32_2.0.0.202105311346/tools/bin/../lib/gcc/arm-none-eabi/9.3.1/thumb/v7-m/nofp/crti.o
                0x0000000008001234                _fini
 .fini          0x0000000008001238        0x8 c:/users/thuyh/stm32cubeide_1.7.0/stm32cubeide/plugins/com.st.stm32cube.ide.mcu.externaltools.gnu-tools-for-stm32.9-2020-q2-update.win32_2.0.0.202105311346/tools/bin/../lib/gcc/arm-none-eabi/9.3.1/thumb/v7-m/nofp/crtn.o
                0x0000000008001240                . = ALIGN (0x4)
                0x0000000008001240                _etext = .

.vfp11_veneer   0x0000000008001240        0x0
 .vfp11_veneer  0x0000000008001240        0x0 linker stubs

.v4_bx          0x0000000008001240        0x0
 .v4_bx         0x0000000008001240        0x0 linker stubs

.iplt           0x0000000008001240        0x0
 .iplt          0x0000000008001240        0x0 c:/users/thuyh/stm32cubeide_1.7.0/stm32cubeide/plugins/com.st.stm32cube.ide.mcu.externaltools.gnu-tools-for-stm32.9-2020-q2-update.win32_2.0.0.202105311346/tools/bin/../lib/gcc/arm-none-eabi/9.3.1/thumb/v7-m/nofp/crtbegin.o

.rodata         0x0000000008001240       0x24
                0x0000000008001240                . = ALIGN (0x4)
 *(.rodata)
 *(.rodata*)
 .rodata.AHBPrescTable
                0x0000000008001240       0x10 ./Core/Src/system_stm32f1xx.o
                0x0000000008001240                AHBPrescTable
 .rodata.aPLLMULFactorTable.5504
                0x0000000008001250       0x10 ./Drivers/STM32F1xx_HAL_Driver/Src/stm32f1xx_hal_rcc.o
 .rodata.aPredivFactorTable.5505
                0x0000000008001260        0x2 ./Drivers/STM32F1xx_HAL_Driver/Src/stm32f1xx_hal_rcc.o
                0x0000000008001264                . = ALIGN (0x4)
 *fill*         0x0000000008001262        0x2 

.rel.dyn        0x0000000008001264        0x0
 .rel.iplt      0x0000000008001264        0x0 c:/users/thuyh/stm32cubeide_1.7.0/stm32cubeide/plugins/com.st.stm32cube.ide.mcu.externaltools.gnu-tools-for-stm32.9-2020-q2-update.win32_2.0.0.202105311346/tools/bin/../lib/gcc/arm-none-eabi/9.3.1/thumb/v7-m/nofp/crtbegin.o

.ARM.extab      0x0000000008001264        0x0
                0x0000000008001264                . = ALIGN (0x4)
 *(.ARM.extab* .gnu.linkonce.armextab.*)
                0x0000000008001264                . = ALIGN (0x4)

.ARM            0x0000000008001264        0x0
                0x0000000008001264                . = ALIGN (0x4)
                0x0000000008001264                __exidx_start = .
 *(.ARM.exidx*)
                0x0000000008001264                __exidx_end = .
                0x0000000008001264                . = ALIGN (0x4)

.preinit_array  0x0000000008001264        0x0
                0x0000000008001264                . = ALIGN (0x4)
                0x0000000008001264                PROVIDE (__preinit_array_start = .)
 *(.preinit_array*)
                0x0000000008001264                PROVIDE (__preinit_array_end = .)
                0x0000000008001264                . = ALIGN (0x4)

.init_array     0x0000000008001264        0x4
                0x0000000008001264                . = ALIGN (0x4)
                0x0000000008001264                PROVIDE (__init_array_start = .)
 *(SORT_BY_NAME(.init_array.*))
 *(.init_array*)
 .init_array    0x0000000008001264        0x4 c:/users/thuyh/stm32cubeide_1.7.0/stm32cubeide/plugins/com.st.stm32cube.ide.mcu.externaltools.gnu-tools-for-stm32.9-2020-q2-update.win32_2.0.0.202105311346/tools/bin/../lib/gcc/arm-none-eabi/9.3.1/thumb/v7-m/nofp/crtbegin.o
                0x0000000008001268                PROVIDE (__init_array_end = .)
                0x0000000008001268                . = ALIGN (0x4)

.fini_array     0x0000000008001268        0x4
                0x0000000008001268                . = ALIGN (0x4)
                [!provide]                        PROVIDE (__fini_array_start = .)
 *(SORT_BY_NAME(.fini_array.*))
 *(.fini_array*)
 .fini_array    0x0000000008001268        0x4 c:/users/thuyh/stm32cubeide_1.7.0/stm32cubeide/plugins/com.st.stm32cube.ide.mcu.externaltools.gnu-tools-for-stm32.9-2020-q2-update.win32_2.0.0.202105311346/tools/bin/../lib/gcc/arm-none-eabi/9.3.1/thumb/v7-m/nofp/crtbegin.o
                [!provide]                        PROVIDE (__fini_array_end = .)
                0x000000000800126c                . = ALIGN (0x4)
                0x000000000800126c                _sidata = LOADADDR (.data)

.data           0x0000000020000000        0xc load address 0x000000000800126c
                0x0000000020000000                . = ALIGN (0x4)
                0x0000000020000000                _sdata = .
 *(.data)
 *(.data*)
 .data.SystemCoreClock
                0x0000000020000000        0x4 ./Core/Src/system_stm32f1xx.o
                0x0000000020000000                SystemCoreClock
 .data.uwTickPrio
                0x0000000020000004        0x4 ./Drivers/STM32F1xx_HAL_Driver/Src/stm32f1xx_hal.o
                0x0000000020000004                uwTickPrio
 .data.uwTickFreq
                0x0000000020000008        0x1 ./Drivers/STM32F1xx_HAL_Driver/Src/stm32f1xx_hal.o
                0x0000000020000008                uwTickFreq
 *(.RamFunc)
 *(.RamFunc*)
                0x000000002000000c                . = ALIGN (0x4)
 *fill*         0x0000000020000009        0x3 
                0x000000002000000c                _edata = .

.igot.plt       0x000000002000000c        0x0 load address 0x0000000008001278
 .igot.plt      0x000000002000000c        0x0 c:/users/thuyh/stm32cubeide_1.7.0/stm32cubeide/plugins/com.st.stm32cube.ide.mcu.externaltools.gnu-tools-for-stm32.9-2020-q2-update.win32_2.0.0.202105311346/tools/bin/../lib/gcc/arm-none-eabi/9.3.1/thumb/v7-m/nofp/crtbegin.o
                0x000000002000000c                . = ALIGN (0x4)

.bss            0x000000002000000c       0x20 load address 0x0000000008001278
                0x000000002000000c                _sbss = .
                0x000000002000000c                __bss_start__ = _sbss
 *(.bss)
 .bss           0x000000002000000c       0x1c c:/users/thuyh/stm32cubeide_1.7.0/stm32cubeide/plugins/com.st.stm32cube.ide.mcu.externaltools.gnu-tools-for-stm32.9-2020-q2-update.win32_2.0.0.202105311346/tools/bin/../lib/gcc/arm-none-eabi/9.3.1/thumb/v7-m/nofp/crtbegin.o
 *(.bss*)
 *(COMMON)
 COMMON         0x0000000020000028        0x4 ./Drivers/STM32F1xx_HAL_Driver/Src/stm32f1xx_hal.o
                0x0000000020000028                uwTick
                0x000000002000002c                . = ALIGN (0x4)
                0x000000002000002c                _ebss = .
                0x000000002000002c                __bss_end__ = _ebss

._user_heap_stack
                0x000000002000002c      0x604 load address 0x0000000008001278
                0x0000000020000030                . = ALIGN (0x8)
 *fill*         0x000000002000002c        0x4 
                [!provide]                        PROVIDE (end = .)
                0x0000000020000030                PROVIDE (_end = .)
                0x0000000020000230                . = (. + _Min_Heap_Size)
 *fill*         0x0000000020000030      0x200 
                0x0000000020000630                . = (. + _Min_Stack_Size)
 *fill*         0x0000000020000230      0x400 
                0x0000000020000630                . = ALIGN (0x8)

/DISCARD/
 libc.a(*)
 libm.a(*)
 libgcc.a(*)

.ARM.attributes
                0x0000000000000000       0x29
 *(.ARM.attributes)
 .ARM.attributes
                0x0000000000000000       0x1d c:/users/thuyh/stm32cubeide_1.7.0/stm32cubeide/plugins/com.st.stm32cube.ide.mcu.externaltools.gnu-tools-for-stm32.9-2020-q2-update.win32_2.0.0.202105311346/tools/bin/../lib/gcc/arm-none-eabi/9.3.1/thumb/v7-m/nofp/crti.o
 .ARM.attributes
                0x000000000000001d       0x2d c:/users/thuyh/stm32cubeide_1.7.0/stm32cubeide/plugins/com.st.stm32cube.ide.mcu.externaltools.gnu-tools-for-stm32.9-2020-q2-update.win32_2.0.0.202105311346/tools/bin/../lib/gcc/arm-none-eabi/9.3.1/thumb/v7-m/nofp/crtbegin.o
 .ARM.attributes
                0x000000000000004a       0x2d ./Core/Src/ex1.o
 .ARM.attributes
                0x0000000000000077       0x2d ./Core/Src/main.o
 .ARM.attributes
                0x00000000000000a4       0x2d ./Core/Src/stm32f1xx_hal_msp.o
 .ARM.attributes
                0x00000000000000d1       0x2d ./Core/Src/stm32f1xx_it.o
 .ARM.attributes
                0x00000000000000fe       0x2d ./Core/Src/system_stm32f1xx.o
 .ARM.attributes
                0x000000000000012b       0x21 ./Core/Startup/startup_stm32f103c6tx.o
 .ARM.attributes
                0x000000000000014c       0x2d ./Drivers/STM32F1xx_HAL_Driver/Src/stm32f1xx_hal.o
 .ARM.attributes
                0x0000000000000179       0x2d ./Drivers/STM32F1xx_HAL_Driver/Src/stm32f1xx_hal_cortex.o
 .ARM.attributes
                0x00000000000001a6       0x2d ./Drivers/STM32F1xx_HAL_Driver/Src/stm32f1xx_hal_gpio.o
 .ARM.attributes
                0x00000000000001d3       0x2d ./Drivers/STM32F1xx_HAL_Driver/Src/stm32f1xx_hal_rcc.o
 .ARM.attributes
                0x0000000000000200       0x2d c:/users/thuyh/stm32cubeide_1.7.0/stm32cubeide/plugins/com.st.stm32cube.ide.mcu.externaltools.gnu-tools-for-stm32.9-2020-q2-update.win32_2.0.0.202105311346/tools/bin/../lib/gcc/arm-none-eabi/9.3.1/../../../../arm-none-eabi/lib/thumb/v7-m/nofp\libc_nano.a(lib_a-init.o)
 .ARM.attributes
                0x000000000000022d       0x2d c:/users/thuyh/stm32cubeide_1.7.0/stm32cubeide/plugins/com.st.stm32cube.ide.mcu.externaltools.gnu-tools-for-stm32.9-2020-q2-update.win32_2.0.0.202105311346/tools/bin/../lib/gcc/arm-none-eabi/9.3.1/../../../../arm-none-eabi/lib/thumb/v7-m/nofp\libc_nano.a(lib_a-memset.o)
 .ARM.attributes
                0x000000000000025a       0x1d c:/users/thuyh/stm32cubeide_1.7.0/stm32cubeide/plugins/com.st.stm32cube.ide.mcu.externaltools.gnu-tools-for-stm32.9-2020-q2-update.win32_2.0.0.202105311346/tools/bin/../lib/gcc/arm-none-eabi/9.3.1/thumb/v7-m/nofp/crtn.o
OUTPUT(Lab1_project.elf elf32-littlearm)
LOAD linker stubs
LOAD c:/users/thuyh/stm32cubeide_1.7.0/stm32cubeide/plugins/com.st.stm32cube.ide.mcu.externaltools.gnu-tools-for-stm32.9-2020-q2-update.win32_2.0.0.202105311346/tools/bin/../lib/gcc/arm-none-eabi/9.3.1/../../../../arm-none-eabi/lib/thumb/v7-m/nofp\libc.a
LOAD c:/users/thuyh/stm32cubeide_1.7.0/stm32cubeide/plugins/com.st.stm32cube.ide.mcu.externaltools.gnu-tools-for-stm32.9-2020-q2-update.win32_2.0.0.202105311346/tools/bin/../lib/gcc/arm-none-eabi/9.3.1/../../../../arm-none-eabi/lib/thumb/v7-m/nofp\libm.a
LOAD c:/users/thuyh/stm32cubeide_1.7.0/stm32cubeide/plugins/com.st.stm32cube.ide.mcu.externaltools.gnu-tools-for-stm32.9-2020-q2-update.win32_2.0.0.202105311346/tools/bin/../lib/gcc/arm-none-eabi/9.3.1/thumb/v7-m/nofp\libgcc.a

.debug_info     0x0000000000000000     0x321b
 .debug_info    0x0000000000000000      0x251 ./Core/Src/ex1.o
 .debug_info    0x0000000000000251      0x52e ./Core/Src/main.o
 .debug_info    0x000000000000077f      0x2fc ./Core/Src/stm32f1xx_hal_msp.o
 .debug_info    0x0000000000000a7b      0x222 ./Core/Src/stm32f1xx_it.o
 .debug_info    0x0000000000000c9d      0x2be ./Core/Src/system_stm32f1xx.o
 .debug_info    0x0000000000000f5b       0x22 ./Core/Startup/startup_stm32f103c6tx.o
 .debug_info    0x0000000000000f7d      0x74c ./Drivers/STM32F1xx_HAL_Driver/Src/stm32f1xx_hal.o
 .debug_info    0x00000000000016c9      0xbbe ./Drivers/STM32F1xx_HAL_Driver/Src/stm32f1xx_hal_cortex.o
 .debug_info    0x0000000000002287      0x701 ./Drivers/STM32F1xx_HAL_Driver/Src/stm32f1xx_hal_gpio.o
 .debug_info    0x0000000000002988      0x893 ./Drivers/STM32F1xx_HAL_Driver/Src/stm32f1xx_hal_rcc.o

.debug_abbrev   0x0000000000000000      0xf6d
 .debug_abbrev  0x0000000000000000       0xff ./Core/Src/ex1.o
 .debug_abbrev  0x00000000000000ff      0x1c4 ./Core/Src/main.o
 .debug_abbrev  0x00000000000002c3      0x11d ./Core/Src/stm32f1xx_hal_msp.o
 .debug_abbrev  0x00000000000003e0       0xd2 ./Core/Src/stm32f1xx_it.o
 .debug_abbrev  0x00000000000004b2      0x14e ./Core/Src/system_stm32f1xx.o
 .debug_abbrev  0x0000000000000600       0x12 ./Core/Startup/startup_stm32f103c6tx.o
 .debug_abbrev  0x0000000000000612      0x1ed ./Drivers/STM32F1xx_HAL_Driver/Src/stm32f1xx_hal.o
 .debug_abbrev  0x00000000000007ff      0x313 ./Drivers/STM32F1xx_HAL_Driver/Src/stm32f1xx_hal_cortex.o
 .debug_abbrev  0x0000000000000b12      0x1e8 ./Drivers/STM32F1xx_HAL_Driver/Src/stm32f1xx_hal_gpio.o
 .debug_abbrev  0x0000000000000cfa      0x273 ./Drivers/STM32F1xx_HAL_Driver/Src/stm32f1xx_hal_rcc.o

.debug_aranges  0x0000000000000000      0x3f8
 .debug_aranges
                0x0000000000000000       0x28 ./Core/Src/ex1.o
 .debug_aranges
                0x0000000000000028       0x38 ./Core/Src/main.o
 .debug_aranges
                0x0000000000000060       0x20 ./Core/Src/stm32f1xx_hal_msp.o
 .debug_aranges
                0x0000000000000080       0x60 ./Core/Src/stm32f1xx_it.o
 .debug_aranges
                0x00000000000000e0       0x28 ./Core/Src/system_stm32f1xx.o
 .debug_aranges
                0x0000000000000108       0x28 ./Core/Startup/startup_stm32f103c6tx.o
 .debug_aranges
                0x0000000000000130       0xe0 ./Drivers/STM32F1xx_HAL_Driver/Src/stm32f1xx_hal.o
 .debug_aranges
                0x0000000000000210      0x100 ./Drivers/STM32F1xx_HAL_Driver/Src/stm32f1xx_hal_cortex.o
 .debug_aranges
                0x0000000000000310       0x58 ./Drivers/STM32F1xx_HAL_Driver/Src/stm32f1xx_hal_gpio.o
 .debug_aranges
                0x0000000000000368       0x90 ./Drivers/STM32F1xx_HAL_Driver/Src/stm32f1xx_hal_rcc.o

.debug_ranges   0x0000000000000000      0x360
 .debug_ranges  0x0000000000000000       0x18 ./Core/Src/ex1.o
 .debug_ranges  0x0000000000000018       0x28 ./Core/Src/main.o
 .debug_ranges  0x0000000000000040       0x10 ./Core/Src/stm32f1xx_hal_msp.o
 .debug_ranges  0x0000000000000050       0x50 ./Core/Src/stm32f1xx_it.o
 .debug_ranges  0x00000000000000a0       0x18 ./Core/Src/system_stm32f1xx.o
 .debug_ranges  0x00000000000000b8       0x20 ./Core/Startup/startup_stm32f103c6tx.o
 .debug_ranges  0x00000000000000d8       0xd0 ./Drivers/STM32F1xx_HAL_Driver/Src/stm32f1xx_hal.o
 .debug_ranges  0x00000000000001a8       0xf0 ./Drivers/STM32F1xx_HAL_Driver/Src/stm32f1xx_hal_cortex.o
 .debug_ranges  0x0000000000000298       0x48 ./Drivers/STM32F1xx_HAL_Driver/Src/stm32f1xx_hal_gpio.o
 .debug_ranges  0x00000000000002e0       0x80 ./Drivers/STM32F1xx_HAL_Driver/Src/stm32f1xx_hal_rcc.o

.debug_macro    0x0000000000000000    0x15835
 .debug_macro   0x0000000000000000      0x19b ./Core/Src/ex1.o
 .debug_macro   0x000000000000019b      0xa9c ./Core/Src/ex1.o
 .debug_macro   0x0000000000000c37      0x20f ./Core/Src/ex1.o
 .debug_macro   0x0000000000000e46       0x2e ./Core/Src/ex1.o
 .debug_macro   0x0000000000000e74       0x22 ./Core/Src/ex1.o
 .debug_macro   0x0000000000000e96       0x22 ./Core/Src/ex1.o
 .debug_macro   0x0000000000000eb8       0x8e ./Core/Src/ex1.o
 .debug_macro   0x0000000000000f46       0x51 ./Core/Src/ex1.o
 .debug_macro   0x0000000000000f97      0x103 ./Core/Src/ex1.o
 .debug_macro   0x000000000000109a       0x6a ./Core/Src/ex1.o
 .debug_macro   0x0000000000001104      0x1df ./Core/Src/ex1.o
 .debug_macro   0x00000000000012e3       0x1c ./Core/Src/ex1.o
 .debug_macro   0x00000000000012ff       0x22 ./Core/Src/ex1.o
 .debug_macro   0x0000000000001321       0xc3 ./Core/Src/ex1.o
 .debug_macro   0x00000000000013e4      0xd23 ./Core/Src/ex1.o
 .debug_macro   0x0000000000002107     0xde75 ./Core/Src/ex1.o
 .debug_macro   0x000000000000ff7c       0x6d ./Core/Src/ex1.o
 .debug_macro   0x000000000000ffe9     0x34a2 ./Core/Src/ex1.o
 .debug_macro   0x000000000001348b      0x174 ./Core/Src/ex1.o
 .debug_macro   0x00000000000135ff       0x5c ./Core/Src/ex1.o
 .debug_macro   0x000000000001365b      0x5bc ./Core/Src/ex1.o
 .debug_macro   0x0000000000013c17      0x1b7 ./Core/Src/ex1.o
 .debug_macro   0x0000000000013dce      0x1cb ./Core/Src/ex1.o
 .debug_macro   0x0000000000013f99      0x114 ./Core/Src/ex1.o
 .debug_macro   0x00000000000140ad      0x1b2 ./Core/Src/ex1.o
 .debug_macro   0x000000000001425f       0x27 ./Core/Src/ex1.o
 .debug_macro   0x0000000000014286      0x12f ./Core/Src/ex1.o
 .debug_macro   0x00000000000143b5      0x1bc ./Core/Src/ex1.o
 .debug_macro   0x0000000000014571       0x34 ./Core/Src/ex1.o
 .debug_macro   0x00000000000145a5       0x3c ./Core/Src/ex1.o
 .debug_macro   0x00000000000145e1       0x57 ./Core/Src/ex1.o
 .debug_macro   0x0000000000014638       0x87 ./Core/Src/ex1.o
 .debug_macro   0x00000000000146bf      0x183 ./Core/Src/ex1.o
 .debug_macro   0x0000000000014842      0x140 ./Core/Src/ex1.o
 .debug_macro   0x0000000000014982       0x69 ./Core/Src/ex1.o
 .debug_macro   0x00000000000149eb      0x154 ./Core/Src/ex1.o
 .debug_macro   0x0000000000014b3f      0x19f ./Core/Src/main.o
 .debug_macro   0x0000000000014cde      0x191 ./Core/Src/stm32f1xx_hal_msp.o
 .debug_macro   0x0000000000014e6f      0x19b ./Core/Src/stm32f1xx_it.o
 .debug_macro   0x000000000001500a      0x182 ./Core/Src/system_stm32f1xx.o
 .debug_macro   0x000000000001518c      0x1a6 ./Drivers/STM32F1xx_HAL_Driver/Src/stm32f1xx_hal.o
 .debug_macro   0x0000000000015332      0x182 ./Drivers/STM32F1xx_HAL_Driver/Src/stm32f1xx_hal_cortex.o
 .debug_macro   0x00000000000154b4      0x1ed ./Drivers/STM32F1xx_HAL_Driver/Src/stm32f1xx_hal_gpio.o
 .debug_macro   0x00000000000156a1      0x194 ./Drivers/STM32F1xx_HAL_Driver/Src/stm32f1xx_hal_rcc.o

.debug_line     0x0000000000000000     0x4ccf
 .debug_line    0x0000000000000000      0x668 ./Core/Src/ex1.o
 .debug_line    0x0000000000000668      0x715 ./Core/Src/main.o
 .debug_line    0x0000000000000d7d      0x659 ./Core/Src/stm32f1xx_hal_msp.o
 .debug_line    0x00000000000013d6      0x71a ./Core/Src/stm32f1xx_it.o
 .debug_line    0x0000000000001af0      0x6d6 ./Core/Src/system_stm32f1xx.o
 .debug_line    0x00000000000021c6       0x86 ./Core/Startup/startup_stm32f103c6tx.o
 .debug_line    0x000000000000224c      0x903 ./Drivers/STM32F1xx_HAL_Driver/Src/stm32f1xx_hal.o
 .debug_line    0x0000000000002b4f      0xaeb ./Drivers/STM32F1xx_HAL_Driver/Src/stm32f1xx_hal_cortex.o
 .debug_line    0x000000000000363a      0x986 ./Drivers/STM32F1xx_HAL_Driver/Src/stm32f1xx_hal_gpio.o
 .debug_line    0x0000000000003fc0      0xd0f ./Drivers/STM32F1xx_HAL_Driver/Src/stm32f1xx_hal_rcc.o

.debug_str      0x0000000000000000    0x79d60
 .debug_str     0x0000000000000000    0x78c08 ./Core/Src/ex1.o
                                      0x78f45 (size before relaxing)
 .debug_str     0x0000000000078c08      0x218 ./Core/Src/main.o
                                      0x79139 (size before relaxing)
 .debug_str     0x0000000000078e20       0x5a ./Core/Src/stm32f1xx_hal_msp.o
                                      0x78f85 (size before relaxing)
 .debug_str     0x0000000000078e7a       0xbd ./Core/Src/stm32f1xx_it.o
                                      0x78fa2 (size before relaxing)
 .debug_str     0x0000000000078f37       0x52 ./Core/Src/system_stm32f1xx.o
                                      0x78a2a (size before relaxing)
 .debug_str     0x0000000000078f89       0x36 ./Core/Startup/startup_stm32f103c6tx.o
                                         0x67 (size before relaxing)
 .debug_str     0x0000000000078fbf      0x52e ./Drivers/STM32F1xx_HAL_Driver/Src/stm32f1xx_hal.o
                                      0x79081 (size before relaxing)
 .debug_str     0x00000000000794ed      0x300 ./Drivers/STM32F1xx_HAL_Driver/Src/stm32f1xx_hal_cortex.o
                                      0x79089 (size before relaxing)
 .debug_str     0x00000000000797ed      0x324 ./Drivers/STM32F1xx_HAL_Driver/Src/stm32f1xx_hal_gpio.o
                                      0x78dee (size before relaxing)
 .debug_str     0x0000000000079b11      0x24f ./Drivers/STM32F1xx_HAL_Driver/Src/stm32f1xx_hal_rcc.o
                                      0x78e27 (size before relaxing)

.comment        0x0000000000000000       0x53
 .comment       0x0000000000000000       0x53 ./Core/Src/ex1.o
                                         0x54 (size before relaxing)
 .comment       0x0000000000000053       0x54 ./Core/Src/main.o
 .comment       0x0000000000000053       0x54 ./Core/Src/stm32f1xx_hal_msp.o
 .comment       0x0000000000000053       0x54 ./Core/Src/stm32f1xx_it.o
 .comment       0x0000000000000053       0x54 ./Core/Src/system_stm32f1xx.o
 .comment       0x0000000000000053       0x54 ./Drivers/STM32F1xx_HAL_Driver/Src/stm32f1xx_hal.o
 .comment       0x0000000000000053       0x54 ./Drivers/STM32F1xx_HAL_Driver/Src/stm32f1xx_hal_cortex.o
 .comment       0x0000000000000053       0x54 ./Drivers/STM32F1xx_HAL_Driver/Src/stm32f1xx_hal_gpio.o
 .comment       0x0000000000000053       0x54 ./Drivers/STM32F1xx_HAL_Driver/Src/stm32f1xx_hal_rcc.o

.debug_frame    0x0000000000000000      0xd74
 .debug_frame   0x0000000000000000       0x48 ./Core/Src/ex1.o
 .debug_frame   0x0000000000000048       0x8c ./Core/Src/main.o
 .debug_frame   0x00000000000000d4       0x38 ./Core/Src/stm32f1xx_hal_msp.o
 .debug_frame   0x000000000000010c      0x104 ./Core/Src/stm32f1xx_it.o
 .debug_frame   0x0000000000000210       0x58 ./Core/Src/system_stm32f1xx.o
 .debug_frame   0x0000000000000268      0x334 ./Drivers/STM32F1xx_HAL_Driver/Src/stm32f1xx_hal.o
 .debug_frame   0x000000000000059c      0x428 ./Drivers/STM32F1xx_HAL_Driver/Src/stm32f1xx_hal_cortex.o
 .debug_frame   0x00000000000009c4      0x14c ./Drivers/STM32F1xx_HAL_Driver/Src/stm32f1xx_hal_gpio.o
 .debug_frame   0x0000000000000b10      0x218 ./Drivers/STM32F1xx_HAL_Driver/Src/stm32f1xx_hal_rcc.o
 .debug_frame   0x0000000000000d28       0x2c c:/users/thuyh/stm32cubeide_1.7.0/stm32cubeide/plugins/com.st.stm32cube.ide.mcu.externaltools.gnu-tools-for-stm32.9-2020-q2-update.win32_2.0.0.202105311346/tools/bin/../lib/gcc/arm-none-eabi/9.3.1/../../../../arm-none-eabi/lib/thumb/v7-m/nofp\libc_nano.a(lib_a-init.o)
 .debug_frame   0x0000000000000d54       0x20 c:/users/thuyh/stm32cubeide_1.7.0/stm32cubeide/plugins/com.st.stm32cube.ide.mcu.externaltools.gnu-tools-for-stm32.9-2020-q2-update.win32_2.0.0.202105311346/tools/bin/../lib/gcc/arm-none-eabi/9.3.1/../../../../arm-none-eabi/lib/thumb/v7-m/nofp\libc_nano.a(lib_a-memset.o)
