17:31:50 **** Incremental Build of configuration Debug for project Lab1_project ****
make -j8 all 
arm-none-eabi-gcc "../Core/Src/main.c" -mcpu=cortex-m3 -std=gnu11 -g3 -DDEBUG -DUSE_HAL_DRIVER -DSTM32F103x6 -c -I../Core/Inc -I../Drivers/STM32F1xx_HAL_Driver/Inc -I../Drivers/STM32F1xx_HAL_Driver/Inc/Legacy -I../Drivers/CMSIS/Device/ST/STM32F1xx/Include -I../Drivers/CMSIS/Include -I"E:/Microprocesser-microcontroller/SOW/Ins" -O0 -ffunction-sections -fdata-sections -Wall -fstack-usage -MMD -MP -MF"Core/Src/main.d" -MT"Core/Src/main.o" --specs=nano.specs -mfloat-abi=soft -mthumb -o "Core/Src/main.o"
arm-none-eabi-gcc -o "Lab1_project.elf" @"objects.list"   -mcpu=cortex-m3 -T"E:\Micro_proceessor_ReportLab\Lab1_project\STM32F103C6TX_FLASH.ld" --specs=nosys.specs -Wl,-Map="Lab1_project.map" -Wl,--gc-sections -static --specs=nano.specs -mfloat-abi=soft -mthumb -Wl,--start-group -lc -lm -Wl,--end-group
Finished building target: Lab1_project.elf
 
arm-none-eabi-size   Lab1_project.elf 
arm-none-eabi-objdump -h -S  Lab1_project.elf  > "Lab1_project.list"
arm-none-eabi-objcopy  -O ihex  Lab1_project.elf  "Lab1_project.hex"
arm-none-eabi-objcopy  -O binary  Lab1_project.elf  "Lab1_project.bin"
   text	   data	    bss	    dec	    hex	filename
   6392	     20	   1572	   7984	   1f30	Lab1_project.elf
Finished building: default.size.stdout
 
Finished building: Lab1_project.hex
Finished building: Lab1_project.bin
 
 
Finished building: Lab1_project.list
 
