14:26:27 **** Incremental Build of configuration Debug for project LAB2_project ****
make -j8 all 
arm-none-eabi-gcc "../Core/Src/main.c" -mcpu=cortex-m3 -std=gnu11 -g3 -DDEBUG -DUSE_HAL_DRIVER -DSTM32F103x6 -c -I../Core/Inc -I../Drivers/STM32F1xx_HAL_Driver/Inc -I../Drivers/STM32F1xx_HAL_Driver/Inc/Legacy -I../Drivers/CMSIS/Device/ST/STM32F1xx/Include -I../Drivers/CMSIS/Include -I"E:/microprocessor_ReportLab/SOW/Ins" -O0 -ffunction-sections -fdata-sections -Wall -fstack-usage -MMD -MP -MF"Core/Src/main.d" -MT"Core/Src/main.o" --specs=nano.specs -mfloat-abi=soft -mthumb -o "Core/Src/main.o"
arm-none-eabi-gcc -o "LAB2_project.elf" @"objects.list"   -mcpu=cortex-m3 -T"E:\microprocessor_ReportLab\LAB2_project\STM32F103C6TX_FLASH.ld" --specs=nosys.specs -Wl,-Map="LAB2_project.map" -Wl,--gc-sections -static --specs=nano.specs -mfloat-abi=soft -mthumb -Wl,--start-group -lc -lm -Wl,--end-group
Finished building target: LAB2_project.elf
 
arm-none-eabi-size   LAB2_project.elf 
arm-none-eabi-objdump -h -S  LAB2_project.elf  > "LAB2_project.list"
arm-none-eabi-objcopy  -O ihex  LAB2_project.elf  "LAB2_project.hex"
arm-none-eabi-objcopy  -O binary  LAB2_project.elf  "LAB2_project.bin"
   text	   data	    bss	    dec	    hex	filename
   6948	     20	   1652	   8620	   21ac	LAB2_project.elf
Finished building: default.size.stdout
 
Finished building: LAB2_project.hex
Finished building: LAB2_project.bin
 
Finished building: LAB2_project.list
 
 
